Archive member included to satisfy reference by file (symbol)

C:/SysGCC/arm-eabi/bin/../lib/gcc/arm-none-eabi/14.2.1/thumb/v7e-m+fp/hard\libc_nano.a(libc_a-exit.o)
                              C:/SysGCC/arm-eabi/bin/../lib/gcc/arm-none-eabi/14.2.1/thumb/v7e-m+fp/hard/crt0.o (exit)
C:/SysGCC/arm-eabi/bin/../lib/gcc/arm-none-eabi/14.2.1/thumb/v7e-m+fp/hard\libc_nano.a(libc_a-findfp.o)
                              C:/SysGCC/arm-eabi/bin/../lib/gcc/arm-none-eabi/14.2.1/thumb/v7e-m+fp/hard\libc_nano.a(libc_a-exit.o) (__stdio_exit_handler)
C:/SysGCC/arm-eabi/bin/../lib/gcc/arm-none-eabi/14.2.1/thumb/v7e-m+fp/hard\libc_nano.a(libc_a-fwalk.o)
                              C:/SysGCC/arm-eabi/bin/../lib/gcc/arm-none-eabi/14.2.1/thumb/v7e-m+fp/hard\libc_nano.a(libc_a-findfp.o) (_fwalk_sglue)
C:/SysGCC/arm-eabi/bin/../lib/gcc/arm-none-eabi/14.2.1/thumb/v7e-m+fp/hard\libc_nano.a(libc_a-stdio.o)
                              C:/SysGCC/arm-eabi/bin/../lib/gcc/arm-none-eabi/14.2.1/thumb/v7e-m+fp/hard\libc_nano.a(libc_a-findfp.o) (__sread)
C:/SysGCC/arm-eabi/bin/../lib/gcc/arm-none-eabi/14.2.1/thumb/v7e-m+fp/hard\libc_nano.a(libc_a-memset.o)
                              C:/SysGCC/arm-eabi/bin/../lib/gcc/arm-none-eabi/14.2.1/thumb/v7e-m+fp/hard/crt0.o (memset)
C:/SysGCC/arm-eabi/bin/../lib/gcc/arm-none-eabi/14.2.1/thumb/v7e-m+fp/hard\libc_nano.a(libc_a-closer.o)
                              C:/SysGCC/arm-eabi/bin/../lib/gcc/arm-none-eabi/14.2.1/thumb/v7e-m+fp/hard\libc_nano.a(libc_a-stdio.o) (_close_r)
C:/SysGCC/arm-eabi/bin/../lib/gcc/arm-none-eabi/14.2.1/thumb/v7e-m+fp/hard\libc_nano.a(libc_a-reent.o)
                              C:/SysGCC/arm-eabi/bin/../lib/gcc/arm-none-eabi/14.2.1/thumb/v7e-m+fp/hard\libc_nano.a(libc_a-closer.o) (errno)
C:/SysGCC/arm-eabi/bin/../lib/gcc/arm-none-eabi/14.2.1/thumb/v7e-m+fp/hard\libc_nano.a(libc_a-impure.o)
                              C:/SysGCC/arm-eabi/bin/../lib/gcc/arm-none-eabi/14.2.1/thumb/v7e-m+fp/hard\libc_nano.a(libc_a-reent.o) (_impure_ptr)
C:/SysGCC/arm-eabi/bin/../lib/gcc/arm-none-eabi/14.2.1/thumb/v7e-m+fp/hard\libc_nano.a(libc_a-lseekr.o)
                              C:/SysGCC/arm-eabi/bin/../lib/gcc/arm-none-eabi/14.2.1/thumb/v7e-m+fp/hard\libc_nano.a(libc_a-stdio.o) (_lseek_r)
C:/SysGCC/arm-eabi/bin/../lib/gcc/arm-none-eabi/14.2.1/thumb/v7e-m+fp/hard\libc_nano.a(libc_a-readr.o)
                              C:/SysGCC/arm-eabi/bin/../lib/gcc/arm-none-eabi/14.2.1/thumb/v7e-m+fp/hard\libc_nano.a(libc_a-stdio.o) (_read_r)
C:/SysGCC/arm-eabi/bin/../lib/gcc/arm-none-eabi/14.2.1/thumb/v7e-m+fp/hard\libc_nano.a(libc_a-writer.o)
                              C:/SysGCC/arm-eabi/bin/../lib/gcc/arm-none-eabi/14.2.1/thumb/v7e-m+fp/hard\libc_nano.a(libc_a-stdio.o) (_write_r)
C:/SysGCC/arm-eabi/bin/../lib/gcc/arm-none-eabi/14.2.1/thumb/v7e-m+fp/hard\libc_nano.a(libc_a-init.o)
                              C:/SysGCC/arm-eabi/bin/../lib/gcc/arm-none-eabi/14.2.1/thumb/v7e-m+fp/hard/crt0.o (__libc_init_array)
C:/SysGCC/arm-eabi/bin/../lib/gcc/arm-none-eabi/14.2.1/thumb/v7e-m+fp/hard\libc_nano.a(libc_a-lock.o)
                              C:/SysGCC/arm-eabi/bin/../lib/gcc/arm-none-eabi/14.2.1/thumb/v7e-m+fp/hard\libc_nano.a(libc_a-findfp.o) (__retarget_lock_init_recursive)
C:/SysGCC/arm-eabi/bin/../lib/gcc/arm-none-eabi/14.2.1/thumb/v7e-m+fp/hard\libc_nano.a(libc_a-freer.o)
                              C:/SysGCC/arm-eabi/bin/../lib/gcc/arm-none-eabi/14.2.1/thumb/v7e-m+fp/hard\libc_nano.a(libc_a-reent.o) (_free_r)
C:/SysGCC/arm-eabi/bin/../lib/gcc/arm-none-eabi/14.2.1/thumb/v7e-m+fp/hard\libc_nano.a(libc_a-mallocr.o)
                              C:/SysGCC/arm-eabi/bin/../lib/gcc/arm-none-eabi/14.2.1/thumb/v7e-m+fp/hard\libc_nano.a(libc_a-findfp.o) (_malloc_r)
C:/SysGCC/arm-eabi/bin/../lib/gcc/arm-none-eabi/14.2.1/thumb/v7e-m+fp/hard\libc_nano.a(libc_a-mlock.o)
                              C:/SysGCC/arm-eabi/bin/../lib/gcc/arm-none-eabi/14.2.1/thumb/v7e-m+fp/hard\libc_nano.a(libc_a-freer.o) (__malloc_lock)
C:/SysGCC/arm-eabi/bin/../lib/gcc/arm-none-eabi/14.2.1/thumb/v7e-m+fp/hard\libc_nano.a(libc_a-fflush.o)
                              C:/SysGCC/arm-eabi/bin/../lib/gcc/arm-none-eabi/14.2.1/thumb/v7e-m+fp/hard\libc_nano.a(libc_a-findfp.o) (_fflush_r)
C:/SysGCC/arm-eabi/bin/../lib/gcc/arm-none-eabi/14.2.1/thumb/v7e-m+fp/hard\libc_nano.a(libc_a-sbrkr.o)
                              C:/SysGCC/arm-eabi/bin/../lib/gcc/arm-none-eabi/14.2.1/thumb/v7e-m+fp/hard\libc_nano.a(libc_a-mallocr.o) (_sbrk_r)
C:/SysGCC/arm-eabi/bin/../lib/gcc/arm-none-eabi/14.2.1/thumb/v7e-m+fp/hard\libgcc.a(_aeabi_uldivmod.o)
                              CMakeFiles/output.elf.dir/Drivers/STM32F4xx_HAL_Driver/Src/stm32f4xx_hal_rcc.c.obj (__aeabi_uldivmod)
C:/SysGCC/arm-eabi/bin/../lib/gcc/arm-none-eabi/14.2.1/thumb/v7e-m+fp/hard\libgcc.a(_udivmoddi4.o)
                              C:/SysGCC/arm-eabi/bin/../lib/gcc/arm-none-eabi/14.2.1/thumb/v7e-m+fp/hard\libgcc.a(_aeabi_uldivmod.o) (__udivmoddi4)
[...]
Memory Configuration

Name             Origin             Length             Attributes
RAM              0x20000000         0x00030000         xrw
CCMRAM           0x10000000         0x00010000         xrw
FLASH            0x08000000         0x00100000         xr
*default*        0x00000000         0xffffffff

Linker script and memory map

LOAD C:/SysGCC/arm-eabi/bin/../lib/gcc/arm-none-eabi/14.2.1/thumb/v7e-m+fp/hard/crti.o
LOAD C:/SysGCC/arm-eabi/bin/../lib/gcc/arm-none-eabi/14.2.1/thumb/v7e-m+fp/hard/crtbegin.o
LOAD C:/SysGCC/arm-eabi/bin/../lib/gcc/arm-none-eabi/14.2.1/thumb/v7e-m+fp/hard/crt0.o
START GROUP
LOAD C:/SysGCC/arm-eabi/bin/../lib/gcc/arm-none-eabi/14.2.1/thumb/v7e-m+fp/hard\libc_nano.a
LOAD C:/SysGCC/arm-eabi/bin/../lib/gcc/arm-none-eabi/14.2.1/thumb/v7e-m+fp/hard\libm.a
END GROUP
LOAD CMakeFiles/output.elf.dir/Core/Src/gpio.c.obj
LOAD CMakeFiles/output.elf.dir/Core/Src/main.c.obj
LOAD CMakeFiles/output.elf.dir/Core/Src/stm32f4xx_hal_msp.c.obj
LOAD CMakeFiles/output.elf.dir/Core/Src/stm32f4xx_it.c.obj
LOAD CMakeFiles/output.elf.dir/Core/Src/sysmem.c.obj
LOAD CMakeFiles/output.elf.dir/Core/Src/system_stm32f4xx.c.obj
LOAD CMakeFiles/output.elf.dir/Drivers/STM32F4xx_HAL_Driver/Src/stm32f4xx_hal.c.obj
LOAD CMakeFiles/output.elf.dir/Drivers/STM32F4xx_HAL_Driver/Src/stm32f4xx_hal_cortex.c.obj
LOAD CMakeFiles/output.elf.dir/Drivers/STM32F4xx_HAL_Driver/Src/stm32f4xx_hal_dma.c.obj
LOAD CMakeFiles/output.elf.dir/Drivers/STM32F4xx_HAL_Driver/Src/stm32f4xx_hal_dma_ex.c.obj
LOAD CMakeFiles/output.elf.dir/Drivers/STM32F4xx_HAL_Driver/Src/stm32f4xx_hal_exti.c.obj
LOAD CMakeFiles/output.elf.dir/Drivers/STM32F4xx_HAL_Driver/Src/stm32f4xx_hal_flash.c.obj
LOAD CMakeFiles/output.elf.dir/Drivers/STM32F4xx_HAL_Driver/Src/stm32f4xx_hal_flash_ex.c.obj
LOAD CMakeFiles/output.elf.dir/Drivers/STM32F4xx_HAL_Driver/Src/stm32f4xx_hal_flash_ramfunc.c.obj
LOAD CMakeFiles/output.elf.dir/Drivers/STM32F4xx_HAL_Driver/Src/stm32f4xx_hal_gpio.c.obj
LOAD CMakeFiles/output.elf.dir/Drivers/STM32F4xx_HAL_Driver/Src/stm32f4xx_hal_pwr.c.obj
LOAD CMakeFiles/output.elf.dir/Drivers/STM32F4xx_HAL_Driver/Src/stm32f4xx_hal_pwr_ex.c.obj
LOAD CMakeFiles/output.elf.dir/Drivers/STM32F4xx_HAL_Driver/Src/stm32f4xx_hal_rcc.c.obj
LOAD CMakeFiles/output.elf.dir/Drivers/STM32F4xx_HAL_Driver/Src/stm32f4xx_hal_rcc_ex.c.obj
LOAD CMakeFiles/output.elf.dir/Core/Src/syscalls.c.obj
LOAD CMakeFiles/output.elf.dir/startup_stm32f429xx.s.obj
START GROUP
LOAD C:/SysGCC/arm-eabi/bin/../lib/gcc/arm-none-eabi/14.2.1/thumb/v7e-m+fp/hard\libgcc.a
LOAD C:/SysGCC/arm-eabi/bin/../lib/gcc/arm-none-eabi/14.2.1/thumb/v7e-m+fp/hard\libg_nano.a
LOAD C:/SysGCC/arm-eabi/bin/../lib/gcc/arm-none-eabi/14.2.1/thumb/v7e-m+fp/hard\libc_nano.a
END GROUP
START GROUP
LOAD C:/SysGCC/arm-eabi/bin/../lib/gcc/arm-none-eabi/14.2.1/thumb/v7e-m+fp/hard\libgcc.a
LOAD C:/SysGCC/arm-eabi/bin/../lib/gcc/arm-none-eabi/14.2.1/thumb/v7e-m+fp/hard\libc_nano.a
END GROUP
LOAD C:/SysGCC/arm-eabi/bin/../lib/gcc/arm-none-eabi/14.2.1/thumb/v7e-m+fp/hard/crtend.o
LOAD C:/SysGCC/arm-eabi/bin/../lib/gcc/arm-none-eabi/14.2.1/thumb/v7e-m+fp/hard/crtn.o
                0x20030000                        _estack = (ORIGIN (RAM) + LENGTH (RAM))
                0x00000200                        _Min_Heap_Size = 0x200
                0x00000400                        _Min_Stack_Size = 0x400

.isr_vector     0x08000000      0x1ac
                0x08000000                        . = ALIGN (0x4)
 *(.isr_vector)
 .isr_vector    0x08000000      0x1ac CMakeFiles/output.elf.dir/startup_stm32f429xx.s.obj
                0x08000000                g_pfnVectors
                0x080001ac                        . = ALIGN (0x4)

.text           0x080001ac     0x16e8
                0x080001ac                        . = ALIGN (0x4)
 *(.text)
 .text          0x080001ac       0x30 C:/SysGCC/arm-eabi/bin/../lib/gcc/arm-none-eabi/14.2.1/thumb/v7e-m+fp/hard\libgcc.a(_aeabi_uldivmod.o)
                0x080001ac                __aeabi_uldivmod
 .text          0x080001dc        0x4 C:/SysGCC/arm-eabi/bin/../lib/gcc/arm-none-eabi/14.2.1/thumb/v7e-m+fp/hard\libgcc.a(_dvmd_tls.o)
                0x080001dc                __aeabi_idiv0
                0x080001dc                __aeabi_ldiv0
 *(.text*)
 .text.deregister_tm_clones
                0x080001e0       0x1c C:/SysGCC/arm-eabi/bin/../lib/gcc/arm-none-eabi/14.2.1/thumb/v7e-m+fp/hard/crtbegin.o
 .text.register_tm_clones
                0x080001fc       0x24 C:/SysGCC/arm-eabi/bin/../lib/gcc/arm-none-eabi/14.2.1/thumb/v7e-m+fp/hard/crtbegin.o
 .text.__do_global_dtors_aux
                0x08000220       0x28 C:/SysGCC/arm-eabi/bin/../lib/gcc/arm-none-eabi/14.2.1/thumb/v7e-m+fp/hard/crtbegin.o
 .text.frame_dummy
                0x08000248       0x24 C:/SysGCC/arm-eabi/bin/../lib/gcc/arm-none-eabi/14.2.1/thumb/v7e-m+fp/hard/crtbegin.o
 .text.memset   0x0800026c       0x10 C:/SysGCC/arm-eabi/bin/../lib/gcc/arm-none-eabi/14.2.1/thumb/v7e-m+fp/hard\libc_nano.a(libc_a-memset.o)
                0x0800026c                memset
 .text.__libc_init_array
                0x0800027c       0x48 C:/SysGCC/arm-eabi/bin/../lib/gcc/arm-none-eabi/14.2.1/thumb/v7e-m+fp/hard\libc_nano.a(libc_a-init.o)
                0x0800027c                __libc_init_array
 .text.MX_GPIO_Init
                0x080002c4       0xec CMakeFiles/output.elf.dir/Core/Src/gpio.c.obj
                0x080002c4                MX_GPIO_Init
 .text.main     0x080003b0       0x58 CMakeFiles/output.elf.dir/Core/Src/main.c.obj
                0x080003b0                main
 .text.SystemClock_Config
                0x08000408       0xe0 CMakeFiles/output.elf.dir/Core/Src/main.c.obj
                0x08000408                SystemClock_Config
 .text.Error_Handler
                0x080004e8        0xc CMakeFiles/output.elf.dir/Core/Src/main.c.obj
                0x080004e8                Error_Handler
 .text.HAL_MspInit
                0x080004f4       0x50 CMakeFiles/output.elf.dir/Core/Src/stm32f4xx_hal_msp.c.obj
                0x080004f4                HAL_MspInit
 .text.NMI_Handler
                0x08000544        0x8 CMakeFiles/output.elf.dir/Core/Src/stm32f4xx_it.c.obj
                0x08000544                NMI_Handler
 .text.HardFault_Handler
                0x0800054c        0x8 CMakeFiles/output.elf.dir/Core/Src/stm32f4xx_it.c.obj
                0x0800054c                HardFault_Handler
 .text.MemManage_Handler
                0x08000554        0x8 CMakeFiles/output.elf.dir/Core/Src/stm32f4xx_it.c.obj
                0x08000554                MemManage_Handler
 .text.BusFault_Handler
                0x0800055c        0x8 CMakeFiles/output.elf.dir/Core/Src/stm32f4xx_it.c.obj
                0x0800055c                BusFault_Handler
 .text.UsageFault_Handler
                0x08000564        0x8 CMakeFiles/output.elf.dir/Core/Src/stm32f4xx_it.c.obj
                0x08000564                UsageFault_Handler
 .text.SVC_Handler
                0x0800056c        0xe CMakeFiles/output.elf.dir/Core/Src/stm32f4xx_it.c.obj
                0x0800056c                SVC_Handler
 .text.DebugMon_Handler
                0x0800057a        0xe CMakeFiles/output.elf.dir/Core/Src/stm32f4xx_it.c.obj
                0x0800057a                DebugMon_Handler
 .text.PendSV_Handler
                0x08000588        0xe CMakeFiles/output.elf.dir/Core/Src/stm32f4xx_it.c.obj
                0x08000588                PendSV_Handler
 .text.SysTick_Handler
                0x08000596        0xc CMakeFiles/output.elf.dir/Core/Src/stm32f4xx_it.c.obj
                0x08000596                SysTick_Handler
 *fill*         0x080005a2        0x2 
 .text.SystemInit
                0x080005a4       0x24 CMakeFiles/output.elf.dir/Core/Src/system_stm32f4xx.c.obj
                0x080005a4                SystemInit
 .text.HAL_Init
                0x080005c8       0x44 CMakeFiles/output.elf.dir/Drivers/STM32F4xx_HAL_Driver/Src/stm32f4xx_hal.c.obj
                0x080005c8                HAL_Init
 .text.HAL_InitTick
                0x0800060c       0x60 CMakeFiles/output.elf.dir/Drivers/STM32F4xx_HAL_Driver/Src/stm32f4xx_hal.c.obj
                0x0800060c                HAL_InitTick
 .text.HAL_IncTick
                0x0800066c       0x28 CMakeFiles/output.elf.dir/Drivers/STM32F4xx_HAL_Driver/Src/stm32f4xx_hal.c.obj
                0x0800066c                HAL_IncTick
 .text.HAL_GetTick
                0x08000694       0x18 CMakeFiles/output.elf.dir/Drivers/STM32F4xx_HAL_Driver/Src/stm32f4xx_hal.c.obj
                0x08000694                HAL_GetTick
 .text.HAL_Delay
                0x080006ac       0x48 CMakeFiles/output.elf.dir/Drivers/STM32F4xx_HAL_Driver/Src/stm32f4xx_hal.c.obj
                0x080006ac                HAL_Delay
 .text.__NVIC_SetPriorityGrouping
                0x080006f4       0x48 CMakeFiles/output.elf.dir/Drivers/STM32F4xx_HAL_Driver/Src/stm32f4xx_hal_cortex.c.obj
 .text.__NVIC_GetPriorityGrouping
                0x0800073c       0x1c CMakeFiles/output.elf.dir/Drivers/STM32F4xx_HAL_Driver/Src/stm32f4xx_hal_cortex.c.obj
 .text.__NVIC_SetPriority
                0x08000758       0x54 CMakeFiles/output.elf.dir/Drivers/STM32F4xx_HAL_Driver/Src/stm32f4xx_hal_cortex.c.obj
 .text.NVIC_EncodePriority
                0x080007ac       0x66 CMakeFiles/output.elf.dir/Drivers/STM32F4xx_HAL_Driver/Src/stm32f4xx_hal_cortex.c.obj
 *fill*         0x08000812        0x2 
 .text.SysTick_Config
                0x08000814       0x44 CMakeFiles/output.elf.dir/Drivers/STM32F4xx_HAL_Driver/Src/stm32f4xx_hal_cortex.c.obj
 .text.HAL_NVIC_SetPriorityGrouping
                0x08000858       0x16 CMakeFiles/output.elf.dir/Drivers/STM32F4xx_HAL_Driver/Src/stm32f4xx_hal_cortex.c.obj
                0x08000858                HAL_NVIC_SetPriorityGrouping
 .text.HAL_NVIC_SetPriority
                0x0800086e       0x38 CMakeFiles/output.elf.dir/Drivers/STM32F4xx_HAL_Driver/Src/stm32f4xx_hal_cortex.c.obj
                0x0800086e                HAL_NVIC_SetPriority
 .text.HAL_SYSTICK_Config
                0x080008a6       0x18 CMakeFiles/output.elf.dir/Drivers/STM32F4xx_HAL_Driver/Src/stm32f4xx_hal_cortex.c.obj
                0x080008a6                HAL_SYSTICK_Config
 *fill*         0x080008be        0x2 
 .text.HAL_GPIO_Init
                0x080008c0      0x358 CMakeFiles/output.elf.dir/Drivers/STM32F4xx_HAL_Driver/Src/stm32f4xx_hal_gpio.c.obj
                0x080008c0                HAL_GPIO_Init
 .text.HAL_GPIO_WritePin
                0x08000c18       0x32 CMakeFiles/output.elf.dir/Drivers/STM32F4xx_HAL_Driver/Src/stm32f4xx_hal_gpio.c.obj
                0x08000c18                HAL_GPIO_WritePin
 *fill*         0x08000c4a        0x2 
 .text.HAL_PWREx_EnableOverDrive
                0x08000c4c       0xa0 CMakeFiles/output.elf.dir/Drivers/STM32F4xx_HAL_Driver/Src/stm32f4xx_hal_pwr_ex.c.obj
                0x08000c4c                HAL_PWREx_EnableOverDrive
 .text.HAL_RCC_OscConfig
                0x08000cec      0x4f0 CMakeFiles/output.elf.dir/Drivers/STM32F4xx_HAL_Driver/Src/stm32f4xx_hal_rcc.c.obj
                0x08000cec                HAL_RCC_OscConfig
 .text.HAL_RCC_ClockConfig
                0x080011dc      0x1cc CMakeFiles/output.elf.dir/Drivers/STM32F4xx_HAL_Driver/Src/stm32f4xx_hal_rcc.c.obj
                0x080011dc                HAL_RCC_ClockConfig
 .text.HAL_RCC_GetSysClockFreq
                0x080013a8      0x188 CMakeFiles/output.elf.dir/Drivers/STM32F4xx_HAL_Driver/Src/stm32f4xx_hal_rcc.c.obj
                0x080013a8                HAL_RCC_GetSysClockFreq
 .text.Reset_Handler
                0x08001530       0x50 CMakeFiles/output.elf.dir/startup_stm32f429xx.s.obj
                0x08001530                Reset_Handler
 .text.Default_Handler
                0x08001580        0x2 CMakeFiles/output.elf.dir/startup_stm32f429xx.s.obj
                0x08001580                RTC_Alarm_IRQHandler
                0x08001580                HASH_RNG_IRQHandler
                0x08001580                EXTI2_IRQHandler
                0x08001580                TIM8_CC_IRQHandler
                0x08001580                UART8_IRQHandler
                0x08001580                SPI4_IRQHandler
                0x08001580                TIM1_CC_IRQHandler
                0x08001580                DMA2_Stream5_IRQHandler
                0x08001580                DMA1_Stream5_IRQHandler
                0x08001580                PVD_IRQHandler
                0x08001580                SDIO_IRQHandler
                0x08001580                TAMP_STAMP_IRQHandler
                0x08001580                CAN2_RX1_IRQHandler
                0x08001580                EXTI3_IRQHandler
                0x08001580                TIM8_TRG_COM_TIM14_IRQHandler
                0x08001580                TIM1_UP_TIM10_IRQHandler
                0x08001580                TIM8_UP_TIM13_IRQHandler
                0x08001580                I2C3_ER_IRQHandler
                0x08001580                EXTI0_IRQHandler
                0x08001580                I2C2_EV_IRQHandler
                0x08001580                DMA1_Stream2_IRQHandler
                0x08001580                CAN1_RX0_IRQHandler
                0x08001580                FPU_IRQHandler
                0x08001580                OTG_HS_WKUP_IRQHandler
                0x08001580                LTDC_ER_IRQHandler
                0x08001580                CAN2_SCE_IRQHandler
                0x08001580                DMA2_Stream2_IRQHandler
                0x08001580                SPI1_IRQHandler
                0x08001580                TIM6_DAC_IRQHandler
                0x08001580                TIM1_BRK_TIM9_IRQHandler
                0x08001580                DCMI_IRQHandler
                0x08001580                CAN2_RX0_IRQHandler
                0x08001580                DMA2_Stream3_IRQHandler
                0x08001580                USART6_IRQHandler
                0x08001580                USART3_IRQHandler
                0x08001580                CAN1_RX1_IRQHandler
                0x08001580                UART5_IRQHandler
                0x08001580                DMA2_Stream0_IRQHandler
                0x08001580                TIM4_IRQHandler
                0x08001580                I2C1_EV_IRQHandler
                0x08001580                DMA1_Stream6_IRQHandler
                0x08001580                DMA1_Stream1_IRQHandler
                0x08001580                UART4_IRQHandler
                0x08001580                TIM3_IRQHandler
                0x08001580                RCC_IRQHandler
                0x08001580                TIM8_BRK_TIM12_IRQHandler
                0x08001580                Default_Handler
                0x08001580                EXTI15_10_IRQHandler
                0x08001580                ADC_IRQHandler
                0x08001580                DMA1_Stream7_IRQHandler
                0x08001580                SPI5_IRQHandler
                0x08001580                TIM7_IRQHandler
                0x08001580                CAN2_TX_IRQHandler
                0x08001580                TIM5_IRQHandler
                0x08001580                DMA2_Stream7_IRQHandler
                0x08001580                I2C3_EV_IRQHandler
                0x08001580                EXTI9_5_IRQHandler
                0x08001580                RTC_WKUP_IRQHandler
                0x08001580                LTDC_IRQHandler
                0x08001580                ETH_WKUP_IRQHandler
                0x08001580                SPI2_IRQHandler
                0x08001580                OTG_HS_EP1_IN_IRQHandler
                0x08001580                DMA1_Stream0_IRQHandler
                0x08001580                CAN1_TX_IRQHandler
                0x08001580                EXTI4_IRQHandler
                0x08001580                ETH_IRQHandler
                0x08001580                OTG_HS_EP1_OUT_IRQHandler
                0x08001580                WWDG_IRQHandler
                0x08001580                SPI6_IRQHandler
                0x08001580                TIM2_IRQHandler
                0x08001580                OTG_FS_WKUP_IRQHandler
                0x08001580                TIM1_TRG_COM_TIM11_IRQHandler
                0x08001580                OTG_HS_IRQHandler
                0x08001580                DMA2D_IRQHandler
                0x08001580                EXTI1_IRQHandler
                0x08001580                UART7_IRQHandler
                0x08001580                USART2_IRQHandler
                0x08001580                I2C2_ER_IRQHandler
                0x08001580                DMA2_Stream1_IRQHandler
                0x08001580                CAN1_SCE_IRQHandler
                0x08001580                FLASH_IRQHandler
                0x08001580                DMA2_Stream4_IRQHandler
                0x08001580                USART1_IRQHandler
                0x08001580                OTG_FS_IRQHandler
                0x08001580                SPI3_IRQHandler
                0x08001580                DMA1_Stream4_IRQHandler
                0x08001580                I2C1_ER_IRQHandler
                0x08001580                FMC_IRQHandler
                0x08001580                DMA2_Stream6_IRQHandler
                0x08001580                SAI1_IRQHandler
                0x08001580                DMA1_Stream3_IRQHandler
 *fill*         0x08001582        0x2 
 .text.__udivmoddi4
                0x08001584      0x2f8 C:/SysGCC/arm-eabi/bin/../lib/gcc/arm-none-eabi/14.2.1/thumb/v7e-m+fp/hard\libgcc.a(_udivmoddi4.o)
                0x08001584                __udivmoddi4
 *(.glue_7)
 .glue_7        0x0800187c        0x0 linker stubs
 *(.glue_7t)
 .glue_7t       0x0800187c        0x0 linker stubs
 *(.eh_frame)
 .eh_frame      0x0800187c        0x0 C:/SysGCC/arm-eabi/bin/../lib/gcc/arm-none-eabi/14.2.1/thumb/v7e-m+fp/hard/crtbegin.o
 *(.init)
 .init          0x0800187c        0x4 C:/SysGCC/arm-eabi/bin/../lib/gcc/arm-none-eabi/14.2.1/thumb/v7e-m+fp/hard/crti.o
                0x0800187c                _init
 .init          0x08001880        0x8 C:/SysGCC/arm-eabi/bin/../lib/gcc/arm-none-eabi/14.2.1/thumb/v7e-m+fp/hard/crtn.o
 *(.fini)
 .fini          0x08001888        0x4 C:/SysGCC/arm-eabi/bin/../lib/gcc/arm-none-eabi/14.2.1/thumb/v7e-m+fp/hard/crti.o
                0x08001888                _fini
 .fini          0x0800188c        0x8 C:/SysGCC/arm-eabi/bin/../lib/gcc/arm-none-eabi/14.2.1/thumb/v7e-m+fp/hard/crtn.o
                0x08001894                        . = ALIGN (0x4)
                0x08001894                        _etext = .

.vfp11_veneer   0x08001894        0x0
 .vfp11_veneer  0x08001894        0x0 linker stubs

.v4_bx          0x08001894        0x0
 .v4_bx         0x08001894        0x0 linker stubs

.iplt           0x08001894        0x0
 .iplt          0x08001894        0x0 C:/SysGCC/arm-eabi/bin/../lib/gcc/arm-none-eabi/14.2.1/thumb/v7e-m+fp/hard/crtbegin.o

.rodata         0x08001894       0x10
                0x08001894                        . = ALIGN (0x4)
 *(.rodata)
 *(.rodata*)
 .rodata.AHBPrescTable
                0x08001894       0x10 CMakeFiles/output.elf.dir/Core/Src/system_stm32f4xx.c.obj
                0x08001894                AHBPrescTable
                0x080018a4                        . = ALIGN (0x4)

.ARM.extab
 *(.ARM.extab* .gnu.linkonce.armextab.*)

.ARM            0x080018a4        0x8
                0x080018a4                        __exidx_start = .
 *(.ARM.exidx*)
 .ARM.exidx.text.__udivmoddi4
                0x080018a4        0x8 C:/SysGCC/arm-eabi/bin/../lib/gcc/arm-none-eabi/14.2.1/thumb/v7e-m+fp/hard\libgcc.a(_udivmoddi4.o)
                0x080018ac                        __exidx_end = .

.rel.dyn        0x080018ac        0x0
 .rel.iplt      0x080018ac        0x0 C:/SysGCC/arm-eabi/bin/../lib/gcc/arm-none-eabi/14.2.1/thumb/v7e-m+fp/hard/crtbegin.o

.preinit_array  0x080018ac        0x0
                0x080018ac                        PROVIDE (__preinit_array_start = .)
 *(.preinit_array*)
                0x080018ac                        PROVIDE (__preinit_array_end = .)

.init_array     0x080018ac        0x4
                0x080018ac                        PROVIDE (__init_array_start = .)
 *(SORT_BY_NAME(.init_array.*))
 *(.init_array*)
 .init_array    0x080018ac        0x4 C:/SysGCC/arm-eabi/bin/../lib/gcc/arm-none-eabi/14.2.1/thumb/v7e-m+fp/hard/crtbegin.o
                0x080018b0                        PROVIDE (__init_array_end = .)

.fini_array     0x080018b0        0x4
                [!provide]                        PROVIDE (__fini_array_start = .)
 *(SORT_BY_NAME(.fini_array.*))
 *(.fini_array*)
 .fini_array    0x080018b0        0x4 C:/SysGCC/arm-eabi/bin/../lib/gcc/arm-none-eabi/14.2.1/thumb/v7e-m+fp/hard/crtbegin.o
                [!provide]                        PROVIDE (__fini_array_end = .)
                0x080018b4                        _sidata = LOADADDR (.data)

.data           0x20000000        0xc load address 0x080018b4
                0x20000000                        . = ALIGN (0x4)
                0x20000000                        _sdata = .
 *(.data)
 *(.data*)
 .data.SystemCoreClock
                0x20000000        0x4 CMakeFiles/output.elf.dir/Core/Src/system_stm32f4xx.c.obj
                0x20000000                SystemCoreClock
 .data.uwTickPrio
                0x20000004        0x4 CMakeFiles/output.elf.dir/Drivers/STM32F4xx_HAL_Driver/Src/stm32f4xx_hal.c.obj
                0x20000004                uwTickPrio
 .data.uwTickFreq
                0x20000008        0x1 CMakeFiles/output.elf.dir/Drivers/STM32F4xx_HAL_Driver/Src/stm32f4xx_hal.c.obj
                0x20000008                uwTickFreq
                0x2000000c                        . = ALIGN (0x4)
 *fill*         0x20000009        0x3 
                0x2000000c                        _edata = .
                0x080018c0                        _siccmram = LOADADDR (.ccmram)

.tm_clone_table
                0x2000000c        0x0 load address 0x080018c0
 .tm_clone_table
                0x2000000c        0x0 C:/SysGCC/arm-eabi/bin/../lib/gcc/arm-none-eabi/14.2.1/thumb/v7e-m+fp/hard/crtbegin.o
 .tm_clone_table
                0x2000000c        0x0 C:/SysGCC/arm-eabi/bin/../lib/gcc/arm-none-eabi/14.2.1/thumb/v7e-m+fp/hard/crtend.o

.igot.plt       0x2000000c        0x0 load address 0x080018c0
 .igot.plt      0x2000000c        0x0 C:/SysGCC/arm-eabi/bin/../lib/gcc/arm-none-eabi/14.2.1/thumb/v7e-m+fp/hard/crtbegin.o

.ccmram         0x10000000        0x0 load address 0x080018c0
                0x10000000                        . = ALIGN (0x4)
                0x10000000                        _sccmram = .
 *(.ccmram)
 *(.ccmram*)
                0x10000000                        . = ALIGN (0x4)
                0x10000000                        _eccmram = .
                0x10000000                        . = ALIGN (0x4)

.bss            0x2000000c       0x20
                0x2000000c                        _sbss = .
                0x2000000c                        __bss_start__ = _sbss
 *(.bss)
 *(.bss*)
 .bss.completed.1
                0x2000000c        0x1 C:/SysGCC/arm-eabi/bin/../lib/gcc/arm-none-eabi/14.2.1/thumb/v7e-m+fp/hard/crtbegin.o
 *fill*         0x2000000d        0x3 
 .bss.object.0  0x20000010       0x18 C:/SysGCC/arm-eabi/bin/../lib/gcc/arm-none-eabi/14.2.1/thumb/v7e-m+fp/hard/crtbegin.o
 .bss.uwTick    0x20000028        0x4 CMakeFiles/output.elf.dir/Drivers/STM32F4xx_HAL_Driver/Src/stm32f4xx_hal.c.obj
                0x20000028                uwTick
 *(COMMON)
                0x2000002c                        . = ALIGN (0x4)
                0x2000002c                        _ebss = .
                0x2000002c                        __bss_end__ = _ebss

._user_heap_stack
                0x2000002c      0x604
                0x20000030                        . = ALIGN (0x8)
 *fill*         0x2000002c        0x4 
                [!provide]                        PROVIDE (end = .)
                0x20000030                        PROVIDE (_end = .)
                0x20000230                        . = (. + _Min_Heap_Size)
 *fill*         0x20000030      0x200 
                0x20000630                        . = (. + _Min_Stack_Size)
 *fill*         0x20000230      0x400 
                0x20000630                        . = ALIGN (0x8)

/DISCARD/
 libc.a(*)
 libm.a(*)
 libgcc.a(*)
OUTPUT(output\output.elf elf32-littlearm)
LOAD linker stubs
LOAD C:/SysGCC/arm-eabi/bin/../lib/gcc/arm-none-eabi/14.2.1/thumb/v7e-m+fp/hard\libc.a
LOAD C:/SysGCC/arm-eabi/bin/../lib/gcc/arm-none-eabi/14.2.1/thumb/v7e-m+fp/hard\libm.a
LOAD C:/SysGCC/arm-eabi/bin/../lib/gcc/arm-none-eabi/14.2.1/thumb/v7e-m+fp/hard\libgcc.a

.ARM.attributes
                0x00000000       0x30
 .ARM.attributes
                0x00000000       0x22 C:/SysGCC/arm-eabi/bin/../lib/gcc/arm-none-eabi/14.2.1/thumb/v7e-m+fp/hard/crti.o
 .ARM.attributes
                0x00000022       0x34 C:/SysGCC/arm-eabi/bin/../lib/gcc/arm-none-eabi/14.2.1/thumb/v7e-m+fp/hard/crtbegin.o
 .ARM.attributes
                0x00000056       0x34 C:/SysGCC/arm-eabi/bin/../lib/gcc/arm-none-eabi/14.2.1/thumb/v7e-m+fp/hard\libc_nano.a(libc_a-memset.o)
 .ARM.attributes
                0x0000008a       0x34 C:/SysGCC/arm-eabi/bin/../lib/gcc/arm-none-eabi/14.2.1/thumb/v7e-m+fp/hard\libc_nano.a(libc_a-init.o)
 .ARM.attributes
                0x000000be       0x34 CMakeFiles/output.elf.dir/Core/Src/gpio.c.obj
 .ARM.attributes
                0x000000f2       0x34 CMakeFiles/output.elf.dir/Core/Src/main.c.obj
 .ARM.attributes
                0x00000126       0x34 CMakeFiles/output.elf.dir/Core/Src/stm32f4xx_hal_msp.c.obj
 .ARM.attributes
                0x0000015a       0x34 CMakeFiles/output.elf.dir/Core/Src/stm32f4xx_it.c.obj
 .ARM.attributes
                0x0000018e       0x34 CMakeFiles/output.elf.dir/Core/Src/system_stm32f4xx.c.obj
 .ARM.attributes
                0x000001c2       0x34 CMakeFiles/output.elf.dir/Drivers/STM32F4xx_HAL_Driver/Src/stm32f4xx_hal.c.obj
 .ARM.attributes
                0x000001f6       0x34 CMakeFiles/output.elf.dir/Drivers/STM32F4xx_HAL_Driver/Src/stm32f4xx_hal_cortex.c.obj
 .ARM.attributes
                0x0000022a       0x34 CMakeFiles/output.elf.dir/Drivers/STM32F4xx_HAL_Driver/Src/stm32f4xx_hal_gpio.c.obj
 .ARM.attributes
                0x0000025e       0x34 CMakeFiles/output.elf.dir/Drivers/STM32F4xx_HAL_Driver/Src/stm32f4xx_hal_pwr_ex.c.obj
 .ARM.attributes
                0x00000292       0x34 CMakeFiles/output.elf.dir/Drivers/STM32F4xx_HAL_Driver/Src/stm32f4xx_hal_rcc.c.obj
 .ARM.attributes
                0x000002c6       0x21 CMakeFiles/output.elf.dir/startup_stm32f429xx.s.obj
 .ARM.attributes
                0x000002e7       0x22 C:/SysGCC/arm-eabi/bin/../lib/gcc/arm-none-eabi/14.2.1/thumb/v7e-m+fp/hard\libgcc.a(_aeabi_uldivmod.o)
 .ARM.attributes
                0x00000309       0x34 C:/SysGCC/arm-eabi/bin/../lib/gcc/arm-none-eabi/14.2.1/thumb/v7e-m+fp/hard\libgcc.a(_udivmoddi4.o)
 .ARM.attributes
                0x0000033d       0x22 C:/SysGCC/arm-eabi/bin/../lib/gcc/arm-none-eabi/14.2.1/thumb/v7e-m+fp/hard\libgcc.a(_dvmd_tls.o)
 .ARM.attributes
                0x0000035f       0x34 C:/SysGCC/arm-eabi/bin/../lib/gcc/arm-none-eabi/14.2.1/thumb/v7e-m+fp/hard/crtend.o
 .ARM.attributes
                0x00000393       0x22 C:/SysGCC/arm-eabi/bin/../lib/gcc/arm-none-eabi/14.2.1/thumb/v7e-m+fp/hard/crtn.o

.comment        0x00000000       0x45
 .comment       0x00000000       0x45 CMakeFiles/output.elf.dir/Core/Src/gpio.c.obj
                                 0x46 (size before relaxing)
 .comment       0x00000045       0x46 CMakeFiles/output.elf.dir/Core/Src/main.c.obj
 .comment       0x00000045       0x46 CMakeFiles/output.elf.dir/Core/Src/stm32f4xx_hal_msp.c.obj
 .comment       0x00000045       0x46 CMakeFiles/output.elf.dir/Core/Src/stm32f4xx_it.c.obj
 .comment       0x00000045       0x46 CMakeFiles/output.elf.dir/Core/Src/system_stm32f4xx.c.obj
 .comment       0x00000045       0x46 CMakeFiles/output.elf.dir/Drivers/STM32F4xx_HAL_Driver/Src/stm32f4xx_hal.c.obj
 .comment       0x00000045       0x46 CMakeFiles/output.elf.dir/Drivers/STM32F4xx_HAL_Driver/Src/stm32f4xx_hal_cortex.c.obj
 .comment       0x00000045       0x46 CMakeFiles/output.elf.dir/Drivers/STM32F4xx_HAL_Driver/Src/stm32f4xx_hal_gpio.c.obj
 .comment       0x00000045       0x46 CMakeFiles/output.elf.dir/Drivers/STM32F4xx_HAL_Driver/Src/stm32f4xx_hal_pwr_ex.c.obj
 .comment       0x00000045       0x46 CMakeFiles/output.elf.dir/Drivers/STM32F4xx_HAL_Driver/Src/stm32f4xx_hal_rcc.c.obj

.debug_frame    0x00000000     0x1024
 .debug_frame   0x00000000       0x20 C:/SysGCC/arm-eabi/bin/../lib/gcc/arm-none-eabi/14.2.1/thumb/v7e-m+fp/hard\libc_nano.a(libc_a-memset.o)
 .debug_frame   0x00000020       0x2c C:/SysGCC/arm-eabi/bin/../lib/gcc/arm-none-eabi/14.2.1/thumb/v7e-m+fp/hard\libc_nano.a(libc_a-init.o)
 .debug_frame   0x0000004c       0x34 CMakeFiles/output.elf.dir/Core/Src/gpio.c.obj
 .debug_frame   0x00000080       0x68 CMakeFiles/output.elf.dir/Core/Src/main.c.obj
 .debug_frame   0x000000e8       0x38 CMakeFiles/output.elf.dir/Core/Src/stm32f4xx_hal_msp.c.obj
 .debug_frame   0x00000120      0x104 CMakeFiles/output.elf.dir/Core/Src/stm32f4xx_it.c.obj
 .debug_frame   0x00000224       0x58 CMakeFiles/output.elf.dir/Core/Src/system_stm32f4xx.c.obj
 .debug_frame   0x0000027c      0x3b4 CMakeFiles/output.elf.dir/Drivers/STM32F4xx_HAL_Driver/Src/stm32f4xx_hal.c.obj
 .debug_frame   0x00000630      0x508 CMakeFiles/output.elf.dir/Drivers/STM32F4xx_HAL_Driver/Src/stm32f4xx_hal_cortex.c.obj
 .debug_frame   0x00000b38      0x14c CMakeFiles/output.elf.dir/Drivers/STM32F4xx_HAL_Driver/Src/stm32f4xx_hal_gpio.c.obj
 .debug_frame   0x00000c84      0x14c CMakeFiles/output.elf.dir/Drivers/STM32F4xx_HAL_Driver/Src/stm32f4xx_hal_pwr_ex.c.obj
 .debug_frame   0x00000dd0      0x1f4 CMakeFiles/output.elf.dir/Drivers/STM32F4xx_HAL_Driver/Src/stm32f4xx_hal_rcc.c.obj
 .debug_frame   0x00000fc4       0x2c C:/SysGCC/arm-eabi/bin/../lib/gcc/arm-none-eabi/14.2.1/thumb/v7e-m+fp/hard\libgcc.a(_aeabi_uldivmod.o)
 .debug_frame   0x00000ff0       0x34 C:/SysGCC/arm-eabi/bin/../lib/gcc/arm-none-eabi/14.2.1/thumb/v7e-m+fp/hard\libgcc.a(_udivmoddi4.o)

.debug_info     0x00000000     0x4073
 .debug_info    0x00000000      0x41a CMakeFiles/output.elf.dir/Core/Src/gpio.c.obj
 .debug_info    0x0000041a      0x5c4 CMakeFiles/output.elf.dir/Core/Src/main.c.obj
 .debug_info    0x000009de      0x27a CMakeFiles/output.elf.dir/Core/Src/stm32f4xx_hal_msp.c.obj
 .debug_info    0x00000c58      0x10b CMakeFiles/output.elf.dir/Core/Src/stm32f4xx_it.c.obj
 .debug_info    0x00000d63      0x527 CMakeFiles/output.elf.dir/Core/Src/system_stm32f4xx.c.obj
 .debug_info    0x0000128a      0x9b3 CMakeFiles/output.elf.dir/Drivers/STM32F4xx_HAL_Driver/Src/stm32f4xx_hal.c.obj
 .debug_info    0x00001c3d      0xdbb CMakeFiles/output.elf.dir/Drivers/STM32F4xx_HAL_Driver/Src/stm32f4xx_hal_cortex.c.obj
 .debug_info    0x000029f8      0x6d4 CMakeFiles/output.elf.dir/Drivers/STM32F4xx_HAL_Driver/Src/stm32f4xx_hal_gpio.c.obj
 .debug_info    0x000030cc      0x6b7 CMakeFiles/output.elf.dir/Drivers/STM32F4xx_HAL_Driver/Src/stm32f4xx_hal_pwr_ex.c.obj
 .debug_info    0x00003783      0x8c0 CMakeFiles/output.elf.dir/Drivers/STM32F4xx_HAL_Driver/Src/stm32f4xx_hal_rcc.c.obj
 .debug_info    0x00004043       0x30 CMakeFiles/output.elf.dir/startup_stm32f429xx.s.obj

.debug_abbrev   0x00000000     0x1157
 .debug_abbrev  0x00000000      0x152 CMakeFiles/output.elf.dir/Core/Src/gpio.c.obj
 .debug_abbrev  0x00000152      0x1f1 CMakeFiles/output.elf.dir/Core/Src/main.c.obj
 .debug_abbrev  0x00000343       0xd8 CMakeFiles/output.elf.dir/Core/Src/stm32f4xx_hal_msp.c.obj
 .debug_abbrev  0x0000041b       0x73 CMakeFiles/output.elf.dir/Core/Src/stm32f4xx_it.c.obj
 .debug_abbrev  0x0000048e      0x11a CMakeFiles/output.elf.dir/Core/Src/system_stm32f4xx.c.obj
 .debug_abbrev  0x000005a8      0x214 CMakeFiles/output.elf.dir/Drivers/STM32F4xx_HAL_Driver/Src/stm32f4xx_hal.c.obj
 .debug_abbrev  0x000007bc      0x31d CMakeFiles/output.elf.dir/Drivers/STM32F4xx_HAL_Driver/Src/stm32f4xx_hal_cortex.c.obj
 .debug_abbrev  0x00000ad9      0x1d4 CMakeFiles/output.elf.dir/Drivers/STM32F4xx_HAL_Driver/Src/stm32f4xx_hal_gpio.c.obj
 .debug_abbrev  0x00000cad      0x1cf CMakeFiles/output.elf.dir/Drivers/STM32F4xx_HAL_Driver/Src/stm32f4xx_hal_pwr_ex.c.obj
 .debug_abbrev  0x00000e7c      0x2b7 CMakeFiles/output.elf.dir/Drivers/STM32F4xx_HAL_Driver/Src/stm32f4xx_hal_rcc.c.obj
 .debug_abbrev  0x00001133       0x24 CMakeFiles/output.elf.dir/startup_stm32f429xx.s.obj

.debug_aranges  0x00000000      0x490
 .debug_aranges
                0x00000000       0x20 CMakeFiles/output.elf.dir/Core/Src/gpio.c.obj
 .debug_aranges
                0x00000020       0x30 CMakeFiles/output.elf.dir/Core/Src/main.c.obj
 .debug_aranges
                0x00000050       0x20 CMakeFiles/output.elf.dir/Core/Src/stm32f4xx_hal_msp.c.obj
 .debug_aranges
                0x00000070       0x60 CMakeFiles/output.elf.dir/Core/Src/stm32f4xx_it.c.obj
 .debug_aranges
                0x000000d0       0x28 CMakeFiles/output.elf.dir/Core/Src/system_stm32f4xx.c.obj
 .debug_aranges
                0x000000f8      0x100 CMakeFiles/output.elf.dir/Drivers/STM32F4xx_HAL_Driver/Src/stm32f4xx_hal.c.obj
 .debug_aranges
                0x000001f8      0x130 CMakeFiles/output.elf.dir/Drivers/STM32F4xx_HAL_Driver/Src/stm32f4xx_hal_cortex.c.obj
 .debug_aranges
                0x00000328       0x58 CMakeFiles/output.elf.dir/Drivers/STM32F4xx_HAL_Driver/Src/stm32f4xx_hal_gpio.c.obj
 .debug_aranges
                0x00000380       0x60 CMakeFiles/output.elf.dir/Drivers/STM32F4xx_HAL_Driver/Src/stm32f4xx_hal_pwr_ex.c.obj
 .debug_aranges
                0x000003e0       0x88 CMakeFiles/output.elf.dir/Drivers/STM32F4xx_HAL_Driver/Src/stm32f4xx_hal_rcc.c.obj
 .debug_aranges
                0x00000468       0x28 CMakeFiles/output.elf.dir/startup_stm32f429xx.s.obj

.debug_rnglists
                0x00000000      0x344
 .debug_rnglists
                0x00000000       0x14 CMakeFiles/output.elf.dir/Core/Src/gpio.c.obj
 .debug_rnglists
                0x00000014       0x20 CMakeFiles/output.elf.dir/Core/Src/main.c.obj
 .debug_rnglists
                0x00000034       0x13 CMakeFiles/output.elf.dir/Core/Src/stm32f4xx_hal_msp.c.obj
 .debug_rnglists
                0x00000047       0x43 CMakeFiles/output.elf.dir/Core/Src/stm32f4xx_it.c.obj
 .debug_rnglists
                0x0000008a       0x1a CMakeFiles/output.elf.dir/Core/Src/system_stm32f4xx.c.obj
 .debug_rnglists
                0x000000a4       0xbb CMakeFiles/output.elf.dir/Drivers/STM32F4xx_HAL_Driver/Src/stm32f4xx_hal.c.obj
 .debug_rnglists
                0x0000015f       0xe0 CMakeFiles/output.elf.dir/Drivers/STM32F4xx_HAL_Driver/Src/stm32f4xx_hal_cortex.c.obj
 .debug_rnglists
                0x0000023f       0x3f CMakeFiles/output.elf.dir/Drivers/STM32F4xx_HAL_Driver/Src/stm32f4xx_hal_gpio.c.obj
 .debug_rnglists
                0x0000027e       0x47 CMakeFiles/output.elf.dir/Drivers/STM32F4xx_HAL_Driver/Src/stm32f4xx_hal_pwr_ex.c.obj
 .debug_rnglists
                0x000002c5       0x66 CMakeFiles/output.elf.dir/Drivers/STM32F4xx_HAL_Driver/Src/stm32f4xx_hal_rcc.c.obj
 .debug_rnglists
                0x0000032b       0x19 CMakeFiles/output.elf.dir/startup_stm32f429xx.s.obj

.debug_macro    0x00000000    0x21908
 .debug_macro   0x00000000      0x1c4 CMakeFiles/output.elf.dir/Core/Src/gpio.c.obj
 .debug_macro   0x000001c4      0xad2 CMakeFiles/output.elf.dir/Core/Src/gpio.c.obj
 .debug_macro   0x00000c96      0x28f CMakeFiles/output.elf.dir/Core/Src/gpio.c.obj
 .debug_macro   0x00000f25       0x2e CMakeFiles/output.elf.dir/Core/Src/gpio.c.obj
 .debug_macro   0x00000f53       0x28 CMakeFiles/output.elf.dir/Core/Src/gpio.c.obj
 .debug_macro   0x00000f7b       0x22 CMakeFiles/output.elf.dir/Core/Src/gpio.c.obj
 .debug_macro   0x00000f9d       0x8e CMakeFiles/output.elf.dir/Core/Src/gpio.c.obj
 .debug_macro   0x0000102b       0x51 CMakeFiles/output.elf.dir/Core/Src/gpio.c.obj
 .debug_macro   0x0000107c      0x103 CMakeFiles/output.elf.dir/Core/Src/gpio.c.obj
 .debug_macro   0x0000117f       0x6a CMakeFiles/output.elf.dir/Core/Src/gpio.c.obj
 .debug_macro   0x000011e9      0x1df CMakeFiles/output.elf.dir/Core/Src/gpio.c.obj
 .debug_macro   0x000013c8       0x1c CMakeFiles/output.elf.dir/Core/Src/gpio.c.obj
 .debug_macro   0x000013e4       0x22 CMakeFiles/output.elf.dir/Core/Src/gpio.c.obj
 .debug_macro   0x00001406       0xfb CMakeFiles/output.elf.dir/Core/Src/gpio.c.obj
 .debug_macro   0x00001501     0x1011 CMakeFiles/output.elf.dir/Core/Src/gpio.c.obj
 .debug_macro   0x00002512      0x11f CMakeFiles/output.elf.dir/Core/Src/gpio.c.obj
 .debug_macro   0x00002631    0x17fd8 CMakeFiles/output.elf.dir/Core/Src/gpio.c.obj
 .debug_macro   0x0001a609       0x6d CMakeFiles/output.elf.dir/Core/Src/gpio.c.obj
 .debug_macro   0x0001a676     0x3711 CMakeFiles/output.elf.dir/Core/Src/gpio.c.obj
 .debug_macro   0x0001dd87      0x189 CMakeFiles/output.elf.dir/Core/Src/gpio.c.obj
 .debug_macro   0x0001df10       0x5c CMakeFiles/output.elf.dir/Core/Src/gpio.c.obj
 .debug_macro   0x0001df6c      0xcba CMakeFiles/output.elf.dir/Core/Src/gpio.c.obj
 .debug_macro   0x0001ec26      0x9e9 CMakeFiles/output.elf.dir/Core/Src/gpio.c.obj
 .debug_macro   0x0001f60f      0x115 CMakeFiles/output.elf.dir/Core/Src/gpio.c.obj
 .debug_macro   0x0001f724      0x156 CMakeFiles/output.elf.dir/Core/Src/gpio.c.obj
 .debug_macro   0x0001f87a       0xa5 CMakeFiles/output.elf.dir/Core/Src/gpio.c.obj
 .debug_macro   0x0001f91f      0x182 CMakeFiles/output.elf.dir/Core/Src/gpio.c.obj
 .debug_macro   0x0001faa1      0x287 CMakeFiles/output.elf.dir/Core/Src/gpio.c.obj
 .debug_macro   0x0001fd28       0x5f CMakeFiles/output.elf.dir/Core/Src/gpio.c.obj
 .debug_macro   0x0001fd87      0x236 CMakeFiles/output.elf.dir/Core/Src/gpio.c.obj
 .debug_macro   0x0001ffbd      0x132 CMakeFiles/output.elf.dir/Core/Src/gpio.c.obj
 .debug_macro   0x000200ef      0x41d CMakeFiles/output.elf.dir/Core/Src/gpio.c.obj
 .debug_macro   0x0002050c       0x2e CMakeFiles/output.elf.dir/Core/Src/gpio.c.obj
 .debug_macro   0x0002053a      0x127 CMakeFiles/output.elf.dir/Core/Src/gpio.c.obj
 .debug_macro   0x00020661       0xe2 CMakeFiles/output.elf.dir/Core/Src/gpio.c.obj
 .debug_macro   0x00020743       0x89 CMakeFiles/output.elf.dir/Core/Src/gpio.c.obj
 .debug_macro   0x000207cc      0x134 CMakeFiles/output.elf.dir/Core/Src/gpio.c.obj
 .debug_macro   0x00020900      0x1c8 CMakeFiles/output.elf.dir/Core/Src/main.c.obj
 .debug_macro   0x00020ac8      0x1ba CMakeFiles/output.elf.dir/Core/Src/stm32f4xx_hal_msp.c.obj
 .debug_macro   0x00020c82      0x1c4 CMakeFiles/output.elf.dir/Core/Src/stm32f4xx_it.c.obj
 .debug_macro   0x00020e46      0x1b0 CMakeFiles/output.elf.dir/Core/Src/system_stm32f4xx.c.obj
 .debug_macro   0x00020ff6      0x210 CMakeFiles/output.elf.dir/Drivers/STM32F4xx_HAL_Driver/Src/stm32f4xx_hal.c.obj
 .debug_macro   0x00021206      0x1b0 CMakeFiles/output.elf.dir/Drivers/STM32F4xx_HAL_Driver/Src/stm32f4xx_hal_cortex.c.obj
 .debug_macro   0x000213b6      0x1b6 CMakeFiles/output.elf.dir/Drivers/STM32F4xx_HAL_Driver/Src/stm32f4xx_hal_gpio.c.obj
 .debug_macro   0x0002156c      0x1c8 CMakeFiles/output.elf.dir/Drivers/STM32F4xx_HAL_Driver/Src/stm32f4xx_hal_pwr_ex.c.obj
 .debug_macro   0x00021734      0x1d4 CMakeFiles/output.elf.dir/Drivers/STM32F4xx_HAL_Driver/Src/stm32f4xx_hal_rcc.c.obj

.debug_line     0x00000000     0x4ba7
 .debug_line    0x00000000      0x52c CMakeFiles/output.elf.dir/Core/Src/gpio.c.obj
 .debug_line    0x0000052c      0x5a3 CMakeFiles/output.elf.dir/Core/Src/main.c.obj
 .debug_line    0x00000acf      0x50e CMakeFiles/output.elf.dir/Core/Src/stm32f4xx_hal_msp.c.obj
 .debug_line    0x00000fdd      0x5bd CMakeFiles/output.elf.dir/Core/Src/stm32f4xx_it.c.obj
 .debug_line    0x0000159a      0x593 CMakeFiles/output.elf.dir/Core/Src/system_stm32f4xx.c.obj
 .debug_line    0x00001b2d      0x836 CMakeFiles/output.elf.dir/Drivers/STM32F4xx_HAL_Driver/Src/stm32f4xx_hal.c.obj
 .debug_line    0x00002363      0xad0 CMakeFiles/output.elf.dir/Drivers/STM32F4xx_HAL_Driver/Src/stm32f4xx_hal_cortex.c.obj
 .debug_line    0x00002e33      0x980 CMakeFiles/output.elf.dir/Drivers/STM32F4xx_HAL_Driver/Src/stm32f4xx_hal_gpio.c.obj
 .debug_line    0x000037b3      0x76d CMakeFiles/output.elf.dir/Drivers/STM32F4xx_HAL_Driver/Src/stm32f4xx_hal_pwr_ex.c.obj
 .debug_line    0x00003f20      0xc0d CMakeFiles/output.elf.dir/Drivers/STM32F4xx_HAL_Driver/Src/stm32f4xx_hal_rcc.c.obj
 .debug_line    0x00004b2d       0x7a CMakeFiles/output.elf.dir/startup_stm32f429xx.s.obj

.debug_str      0x00000000    0xcb645
 .debug_str     0x00000000    0xcb645 CMakeFiles/output.elf.dir/Core/Src/gpio.c.obj
                              0xc9fe2 (size before relaxing)
 .debug_str     0x000cb645    0xca184 CMakeFiles/output.elf.dir/Core/Src/main.c.obj
 .debug_str     0x000cb645    0xc9f17 CMakeFiles/output.elf.dir/Core/Src/stm32f4xx_hal_msp.c.obj
 .debug_str     0x000cb645    0xc9e8a CMakeFiles/output.elf.dir/Core/Src/stm32f4xx_it.c.obj
 .debug_str     0x000cb645    0xc9fc7 CMakeFiles/output.elf.dir/Core/Src/system_stm32f4xx.c.obj
 .debug_str     0x000cb645    0xcabea CMakeFiles/output.elf.dir/Drivers/STM32F4xx_HAL_Driver/Src/stm32f4xx_hal.c.obj
 .debug_str     0x000cb645    0xca918 CMakeFiles/output.elf.dir/Drivers/STM32F4xx_HAL_Driver/Src/stm32f4xx_hal_cortex.c.obj
 .debug_str     0x000cb645    0xca142 CMakeFiles/output.elf.dir/Drivers/STM32F4xx_HAL_Driver/Src/stm32f4xx_hal_gpio.c.obj
 .debug_str     0x000cb645    0xca19f CMakeFiles/output.elf.dir/Drivers/STM32F4xx_HAL_Driver/Src/stm32f4xx_hal_pwr_ex.c.obj
 .debug_str     0x000cb645    0xca3fb CMakeFiles/output.elf.dir/Drivers/STM32F4xx_HAL_Driver/Src/stm32f4xx_hal_rcc.c.obj
 .debug_str     0x000cb645       0x76 CMakeFiles/output.elf.dir/startup_stm32f429xx.s.obj

.debug_line_str
                0x00000000      0x12f
 .debug_line_str
                0x00000000      0x12f CMakeFiles/output.elf.dir/startup_stm32f429xx.s.obj
                                 0x5a (size before relaxing)
 .debug_line_str
                0x0000012f       0xc9 C:/SysGCC/arm-eabi/bin/../lib/gcc/arm-none-eabi/14.2.1/thumb/v7e-m+fp/hard\libgcc.a(_aeabi_uldivmod.o)
 .debug_line_str
                0x0000012f       0xcd C:/SysGCC/arm-eabi/bin/../lib/gcc/arm-none-eabi/14.2.1/thumb/v7e-m+fp/hard\libgcc.a(_dvmd_tls.o)
